inlib 2.0 6 0
inlib 2.0 6 1
inlib 2.0 6 2
inlib 2.0 6 3
inlib 2.0 6 4
inlib 2.0 15 0
inlib 2.0 15 1
inlib 2.0 15 2
inlib 2.0 15 3
inlib 2.0 15 4
inlib 2.0 40 0
inlib 2.0 40 1
inlib 2.0 40 2
inlib 2.0 40 3
inlib 2.0 40 4
inlib 8.0 6 0
inlib 8.0 6 1
inlib 8.0 6 2
inlib 8.0 6 3
inlib 8.0 6 4
inlib 8.0 15 0
inlib 8.0 15 1
inlib 8.0 15 2
inlib 8.0 15 3
inlib 8.0 15 4
inlib 8.0 40 0
inlib 8.0 40 1
inlib 8.0 40 2
inlib 8.0 40 3
inlib 8.0 40 4
inlib 20.0 6 0
inlib 20.0 6 1
inlib 20.0 6 2
inlib 20.0 6 3
inlib 20.0 6 4
inlib 20.0 15 0
inlib 20.0 15 1
inlib 20.0 15 2
inlib 20.0 15 3
inlib 20.0 15 4
inlib 20.0 40 0
inlib 20.0 40 1
inlib 20.0 40 2
inlib 20.0 40 3
inlib 20.0 40 4
misspec 2.0 6 0
misspec 2.0 6 1
misspec 2.0 6 2
misspec 2.0 6 3
misspec 2.0 6 4
misspec 2.0 15 0
misspec 2.0 15 1
misspec 2.0 15 2
misspec 2.0 15 3
misspec 2.0 15 4
misspec 2.0 40 0
misspec 2.0 40 1
misspec 2.0 40 2
misspec 2.0 40 3
misspec 2.0 40 4
misspec 8.0 6 0
misspec 8.0 6 1
misspec 8.0 6 2
misspec 8.0 6 3
misspec 8.0 6 4
misspec 8.0 15 0
misspec 8.0 15 1
misspec 8.0 15 2
misspec 8.0 15 3
misspec 8.0 15 4
misspec 8.0 40 0
misspec 8.0 40 1
misspec 8.0 40 2
misspec 8.0 40 3
misspec 8.0 40 4
misspec 20.0 6 0
misspec 20.0 6 1
misspec 20.0 6 2
misspec 20.0 6 3
misspec 20.0 6 4
misspec 20.0 15 0
misspec 20.0 15 1
misspec 20.0 15 2
misspec 20.0 15 3
misspec 20.0 15 4
misspec 20.0 40 0
misspec 20.0 40 1
misspec 20.0 40 2
misspec 20.0 40 3
misspec 20.0 40 4
                                complexity  te_rmse_vs_truth  ex_rmse_vs_truth
truth   noise nser method                                                     
inlib   2.0   6    distill            33.0              0.67              1.05
                   distill+aug        40.0              1.22              3.25
                   labels             55.0              0.67              1.09
                   xgb_teacher         NaN              3.78             29.81
              15   distill            75.0              0.38              0.74
                   distill+aug        91.0              1.08              2.20
                   labels             63.0              0.37              0.80
                   xgb_teacher         NaN              3.57             21.41
              40   distill            46.0              0.26              0.42
                   distill+aug        70.0              0.89              1.82
                   labels             39.0              0.22              0.36
                   xgb_teacher         NaN              1.90             19.50
        8.0   6    distill            21.0              1.94              3.24
                   distill+aug        17.0              1.81              4.56
                   labels             21.0              1.94              3.15
                   xgb_teacher         NaN              6.68             23.45
              15   distill            31.0              1.34              2.70
                   distill+aug        43.0              1.29              3.53
                   labels             31.0              1.37              2.69
                   xgb_teacher         NaN              4.34             22.37
              40   distill            28.0              0.91              1.62
                   distill+aug        33.0              0.97              2.11
                   labels             36.0              0.85              2.22
                   xgb_teacher         NaN              3.46             20.92
        20.0  6    distill            14.0              4.86              6.70
                   distill+aug        24.0              4.90              7.49
                   labels             11.0              4.85              6.70
                   xgb_teacher         NaN             12.33             25.23
              15   distill            14.0              4.42              6.27
                   distill+aug        20.0              3.79              6.47
                   labels             14.0              4.40              6.29
                   xgb_teacher         NaN             10.16             21.06
              40   distill            20.0              2.39              3.77
                   distill+aug        25.0              2.49              4.30
                   labels             25.0              2.49              3.85
                   xgb_teacher         NaN              8.31             15.26
misspec 2.0   6    distill           155.0              3.50             48.89
                   distill+aug        74.0              4.86              7.75
                   labels            155.0              3.51             12.16
                   xgb_teacher         NaN              8.42             17.09
              15   distill           179.0              4.09             10.32
                   distill+aug        71.0              5.26              7.26
                   labels            162.0              3.90              9.93
                   xgb_teacher         NaN              6.23             11.51
              40   distill           168.0              4.15              6.33
                   distill+aug       175.0              5.16              7.10
                   labels            167.0              3.98              7.46
                   xgb_teacher         NaN              5.78              9.89
        8.0   6    distill            70.0              5.47             15.80
                   distill+aug        74.0              6.86              9.66
                   labels             70.0              5.38              9.55
                   xgb_teacher         NaN             10.35             19.30
              15   distill           180.0              6.08              8.57
                   distill+aug        81.0              7.27              8.62
                   labels             99.0              6.23              9.03
                   xgb_teacher         NaN             10.14             12.50
              40   distill           191.0              6.22              8.31
                   distill+aug       243.0              7.06              7.82
                   labels            169.0              6.05             10.41
                   xgb_teacher         NaN              7.49             11.00
        20.0  6    distill            22.0             11.53             13.92
                   distill+aug        34.0             12.07             14.50
                   labels             26.0             11.74             13.94
                   xgb_teacher         NaN             16.18             24.90
              15   distill            39.0              9.97             11.19
                   distill+aug       147.0             10.77             11.29
                   labels             39.0              9.92             11.34
                   xgb_teacher         NaN             14.08             16.99
              40   distill           122.0              9.12             10.26
                   distill+aug       126.0              9.83             10.34
                   labels            113.0              9.84             10.55
                   xgb_teacher         NaN             10.96             12.87
